\BOOKMARK [0][-]{chapter.1}{\376\377\000C\000o\000u\000r\000s\000e\000\040\000I\000n\000t\000r\000o\000d\000u\000c\000t\000i\000o\000n}{}% 1
\BOOKMARK [0][-]{chapter.2}{\376\377\000I\000d\000e\000n\000t\000i\000t\000y\000\040\000\046\000\040\000F\000e\000d\000e\000r\000a\000t\000i\000o\000n}{}% 2
\BOOKMARK [1][-]{section.2.1}{\376\377\000I\000A\000M\000\040\000-\000\040\000W\000h\000a\000t\000\040\000s\000h\000o\000u\000l\000d\000\040\000y\000o\000u\000\040\000k\000n\000o\000w\000\040\000b\000y\000\040\000n\000o\000w}{chapter.2}% 3
\BOOKMARK [2][-]{subsection.2.1.1}{\376\377\000I\000A\000M\000\040\000P\000o\000l\000i\000c\000i\000e\000s\000\040\000D\000e\000e\000p\000\040\000D\000i\000v\000e}{section.2.1}% 4
\BOOKMARK [2][-]{subsection.2.1.2}{\376\377\000I\000A\000M\000\040\000A\000W\000S\000\040\000M\000a\000n\000a\000g\000e\000d\000\040\000P\000o\000l\000i\000c\000i\000e\000s\000\040\000-\000\040\000A\000d\000m\000i\000n\000i\000s\000t\000r\000a\000t\000o\000r\000\040\000A\000c\000c\000e\000s\000s\000\040\000e\000x\000a\000m\000p\000l\000e}{section.2.1}% 5
\BOOKMARK [2][-]{subsection.2.1.3}{\376\377\000I\000A\000M\000\040\000P\000o\000l\000i\000c\000i\000e\000s\000\040\000C\000o\000n\000d\000i\000t\000i\000o\000n\000s}{section.2.1}% 6
\BOOKMARK [2][-]{subsection.2.1.4}{\376\377\000I\000A\000M\000\040\000P\000o\000l\000i\000c\000i\000e\000s\000\040\000V\000a\000r\000i\000a\000b\000l\000e\000s\000\040\000a\000n\000d\000\040\000T\000a\000g\000s}{section.2.1}% 7
\BOOKMARK [2][-]{subsection.2.1.5}{\376\377\000I\000A\000M\000\040\000R\000o\000l\000e\000s\000\040\000v\000s\000\040\000R\000e\000s\000o\000u\000r\000c\000e\000\040\000B\000a\000s\000e\000d\000\040\000P\000o\000l\000i\000c\000i\000e\000s}{section.2.1}% 8
\BOOKMARK [2][-]{subsection.2.1.6}{\376\377\000I\000A\000M\000\040\000P\000e\000r\000m\000i\000s\000s\000i\000o\000n\000s\000\040\000B\000o\000u\000n\000d\000a\000r\000i\000e\000s}{section.2.1}% 9
\BOOKMARK [2][-]{subsection.2.1.7}{\376\377\000U\000s\000e\000\040\000c\000a\000s\000e\000s}{section.2.1}% 10
\BOOKMARK [2][-]{subsection.2.1.8}{\376\377\000I\000A\000M\000\040\000A\000c\000c\000e\000s\000s\000\040\000A\000n\000a\000l\000y\000s\000e\000r}{section.2.1}% 11
\BOOKMARK [2][-]{subsection.2.1.9}{\376\377\000I\000A\000M\000\040\000A\000c\000c\000e\000s\000s\000\040\000A\000n\000a\000l\000y\000s\000e\000r}{section.2.1}% 12
\BOOKMARK [1][-]{section.2.2}{\376\377\000S\000T\000S}{chapter.2}% 13
\BOOKMARK [2][-]{subsection.2.2.1}{\376\377\000U\000s\000i\000n\000g\000\040\000S\000T\000S\000\040\000t\000o\000\040\000A\000s\000s\000u\000m\000e\000\040\000a\000\040\000R\000o\000l\000e}{section.2.2}% 14
\BOOKMARK [2][-]{subsection.2.2.2}{\376\377\000A\000s\000s\000u\000m\000i\000n\000g\000\040\000a\000\040\000R\000o\000l\000e\000\040\000w\000i\000t\000h\000\040\000S\000T\000S}{section.2.2}% 15
\BOOKMARK [2][-]{subsection.2.2.3}{\376\377\000P\000r\000o\000v\000i\000d\000i\000n\000g\000\040\000A\000c\000c\000e\000s\000s\000\040\000t\000o\000\040\000a\000n\000\040\000I\000A\000M\000\040\000U\000s\000e\000r\000\040\000i\000n\000\040\000Y\000o\000u\000r\000s\000\040\000o\000r\000\040\000A\000n\000o\000t\000h\000e\000r\000\040\000A\000W\000S\000\040\000A\000c\000c\000o\000u\000n\000t\000\040\000T\000h\000a\000t\000\040\000Y\000o\000u\000\040\000O\000w\000n}{section.2.2}% 16
\BOOKMARK [2][-]{subsection.2.2.4}{\376\377\000P\000r\000o\000v\000i\000d\000i\000n\000g\000\040\000A\000c\000c\000e\000s\000s\000\040\000t\000o\000\040\000A\000W\000S\000\040\000A\000c\000c\000o\000u\000n\000t\000s\000\040\000O\000w\000n\000e\000d\000\040\000b\000y\000\040\000T\000h\000i\000r\000d\000\040\000P\000a\000r\000t\000i\000e\000s}{section.2.2}% 17
\BOOKMARK [2][-]{subsection.2.2.5}{\376\377\000I\000d\000e\000n\000t\000i\000t\000y\000\040\000F\000e\000d\000e\000r\000a\000t\000i\000o\000n\000\040\000i\000n\000\040\000A\000W\000S}{section.2.2}% 18
\BOOKMARK [2][-]{subsection.2.2.6}{\376\377\000A\000W\000S\000\040\000D\000i\000r\000e\000c\000t\000o\000r\000y\000\040\000S\000e\000r\000v\000i\000c\000e\000s\000\040\000\050\000A\000D\000\051\000?}{section.2.2}% 19
\BOOKMARK [2][-]{subsection.2.2.7}{\376\377\000A\000W\000S\000\040\000O\000r\000g\000n\000i\000s\000a\000t\000i\000o\000n\000s}{section.2.2}% 20
\BOOKMARK [2][-]{subsection.2.2.8}{\376\377\000A\000W\000S\000\040\000I\000A\000M\000\040\000I\000d\000e\000n\000t\000i\000t\000y\000\040\000C\000e\000n\000t\000e\000r}{section.2.2}% 21
\BOOKMARK [1][-]{section.2.3}{\376\377\000A\000W\000S\000\040\000R\000e\000s\000o\000u\000r\000c\000e\000\040\000A\000c\000c\000e\000s\000s\000\040\000M\000a\000n\000a\000g\000e\000r\000\040\000\050\000R\000A\000M\000\051}{chapter.2}% 22
\BOOKMARK [1][-]{section.2.4}{\376\377\000S\000u\000m\000m\000a\000r\000y\000\040\000o\000f\000\040\000I\000d\000e\000n\000t\000i\000t\000y\000\040\000a\000n\000d\000\040\000F\000e\000d\000e\000r\000a\000t\000i\000o\000n}{chapter.2}% 23
\BOOKMARK [0][-]{chapter.3}{\376\377\000S\000e\000c\000u\000r\000i\000t\000y}{}% 24
\BOOKMARK [1][-]{section.3.1}{\376\377\000C\000l\000o\000u\000d\000T\000r\000a\000i\000l}{chapter.3}% 25
\BOOKMARK [1][-]{section.3.2}{\376\377\000C\000l\000o\000u\000d\000T\000r\000a\000i\000l\000\040\000-\000\040\000E\000v\000e\000n\000t\000B\000r\000i\000d\000g\000e\000\040\000I\000n\000t\000e\000g\000r\000a\000t\000i\000o\000n}{chapter.3}% 26
\BOOKMARK [1][-]{section.3.3}{\376\377\000C\000l\000o\000u\000d\000T\000r\000a\000i\000l\000\040\000-\000\040\000S\000A\000\040\000P\000r\000o}{chapter.3}% 27
\BOOKMARK [1][-]{section.3.4}{\376\377\000K\000M\000S}{chapter.3}% 28
\BOOKMARK [1][-]{section.3.5}{\376\377\000P\000a\000r\000a\000m\000e\000t\000e\000r\000\040\000S\000t\000o\000r\000e}{chapter.3}% 29
\BOOKMARK [1][-]{section.3.6}{\376\377\000S\000e\000c\000r\000e\000t\000s\000\040\000M\000a\000n\000g\000a\000g\000e\000r}{chapter.3}% 30
\BOOKMARK [1][-]{section.3.7}{\376\377\000R\000D\000S\000\040\000S\000e\000c\000u\000r\000i\000t\000y}{chapter.3}% 31
\BOOKMARK [1][-]{section.3.8}{\376\377\000S\000S\000L\000\040\000E\000n\000c\000r\000y\000p\000t\000i\000o\000n\000,\000\040\000S\000N\000I\000,\000\040\000M\000I\000T\000M}{chapter.3}% 32
\BOOKMARK [1][-]{section.3.9}{\376\377\000A\000W\000S\000\040\000C\000e\000r\000t\000i\000f\000i\000c\000a\000t\000e\000\040\000M\000a\000n\000a\000g\000e\000r\000\040\000-\000\040\000A\000C\000M}{chapter.3}% 33
\BOOKMARK [1][-]{section.3.10}{\376\377\000C\000l\000o\000u\000d\000H\000S\000M}{chapter.3}% 34
\BOOKMARK [1][-]{section.3.11}{\376\377\000S\000o\000l\000u\000t\000i\000o\000n\000\040\000A\000r\000c\000h\000i\000t\000e\000c\000t\000u\000r\000e\000\040\000-\000\040\000S\000S\000L\000\040\000o\000n\000\040\000E\000L\000B}{chapter.3}% 35
\BOOKMARK [1][-]{section.3.12}{\376\377\000S\0003\000\040\000S\000e\000c\000u\000r\000i\000t\000y}{chapter.3}% 36
\BOOKMARK [1][-]{section.3.13}{\376\377\000S\0003\000\040\000A\000c\000c\000e\000s\000s\000\040\000P\000o\000i\000n\000t\000s}{chapter.3}% 37
\BOOKMARK [1][-]{section.3.14}{\376\377\000S\0003\000\040\000M\000u\000l\000t\000i\000-\000R\000e\000g\000i\000o\000n\000\040\000A\000c\000c\000e\000s\000s\000\040\000P\000o\000i\000n\000t\000s}{chapter.3}% 38
\BOOKMARK [1][-]{section.3.15}{\376\377\000S\0003\000\040\000M\000u\000l\000t\000i\000-\000R\000e\000g\000i\000o\000n\000\040\000A\000c\000c\000e\000s\000s\000\040\000P\000o\000i\000n\000t\000s\000\040\000-\000\040\000H\000a\000n\000d\000s\000\040\000O\000n}{chapter.3}% 39
\BOOKMARK [1][-]{section.3.16}{\376\377\000S\0003\000\040\000O\000b\000j\000e\000c\000t\000\040\000L\000a\000m\000b\000d\000a}{chapter.3}% 40
\BOOKMARK [1][-]{section.3.17}{\376\377\000D\000D\000o\000S\000\040\000a\000n\000d\000\040\000A\000W\000S\000\040\000S\000h\000i\000e\000l\000d}{chapter.3}% 41
\BOOKMARK [1][-]{section.3.18}{\376\377\000A\000W\000S\000\040\000W\000A\000F\000\040\000-\000\040\000W\000e\000b\000\040\000A\000p\000p\000l\000i\000c\000a\000t\000i\000o\000n\000\040\000F\000i\000r\000e\000w\000a\000l\000l}{chapter.3}% 42
\BOOKMARK [1][-]{section.3.19}{\376\377\000A\000W\000S\000\040\000F\000i\000r\000e\000w\000a\000l\000l\000\040\000M\000a\000n\000a\000g\000e\000r}{chapter.3}% 43
\BOOKMARK [1][-]{section.3.20}{\376\377\000B\000l\000o\000c\000k\000i\000n\000g\000\040\000a\000n\000\040\000I\000P\000\040\000A\000d\000d\000r\000e\000s\000s}{chapter.3}% 44
\BOOKMARK [1][-]{section.3.21}{\376\377\000A\000m\000a\000z\000o\000n\000\040\000I\000n\000s\000p\000e\000c\000t\000o\000r}{chapter.3}% 45
\BOOKMARK [1][-]{section.3.22}{\376\377\000A\000W\000S\000\040\000C\000o\000n\000f\000i\000g}{chapter.3}% 46
\BOOKMARK [1][-]{section.3.23}{\376\377\000A\000W\000S\000\040\000M\000a\000n\000a\000g\000e\000d\000\040\000L\000o\000g\000s}{chapter.3}% 47
\BOOKMARK [1][-]{section.3.24}{\376\377\000A\000m\000a\000z\000o\000n\000\040\000G\000u\000a\000r\000d\000D\000u\000t\000y}{chapter.3}% 48
\BOOKMARK [1][-]{section.3.25}{\376\377\000I\000A\000M\000\040\000A\000d\000v\000a\000n\000c\000e\000d\000\040\000P\000o\000l\000i\000c\000i\000e\000s}{chapter.3}% 49
\BOOKMARK [1][-]{section.3.26}{\376\377\000E\000C\0002\000\040\000I\000n\000s\000t\000a\000n\000c\000e\000\040\000C\000o\000n\000n\000e\000c\000t}{chapter.3}% 50
\BOOKMARK [1][-]{section.3.27}{\376\377\000A\000W\000S\000\040\000S\000e\000c\000u\000r\000i\000t\000y\000\040\000H\000u\000b}{chapter.3}% 51
\BOOKMARK [1][-]{section.3.28}{\376\377\000A\000m\000a\000z\000o\000n\000\040\000D\000e\000t\000e\000c\000t\000i\000v\000e}{chapter.3}% 52
